cargo :  Downloading crates ...
所在位置 行:1 字符: 103
+ ... 4\backend ; cargo test --lib --no-fail-fast > test_output.txt 2>&1 ;  ...
+                 ~~~~~~~~~~~~~~~~~~~~~~~~~~~~~~~~~~~~~~~~~~~~~~~~~~~~~~
    + CategoryInfo          : NotSpecified: ( Downloading crates ...:String) [ 
   ], RemoteException
    + FullyQualifiedErrorId : NativeCommandError
 
